clang++  -I.  -MMD -I/opt/homebrew/Cellar/verilator/5.006/share/verilator/include -I/opt/homebrew/Cellar/verilator/5.006/share/verilator/include/vltstd -DVM_COVERAGE=0 -DVM_SC=0 -DVM_TRACE=0 -DVM_TRACE_FST=0 -DVM_TRACE_VCD=0 -faligned-new -fbracket-depth=4096 -fcf-protection=none -Qunused-arguments -Wno-bool-operation -Wno-tautological-bitwise-compare -Wno-parentheses-equality -Wno-sign-compare -Wno-uninitialized -Wno-unused-but-set-variable -Wno-unused-parameter -Wno-unused-variable -Wno-shadow      -std=gnu++17 -Os -c -o sim_cheri_capstruct_order.o ../sim_cheri_capstruct_order.cpp
clang++  -I.  -MMD -I/opt/homebrew/Cellar/verilator/5.006/share/verilator/include -I/opt/homebrew/Cellar/verilator/5.006/share/verilator/include/vltstd -DVM_COVERAGE=0 -DVM_SC=0 -DVM_TRACE=0 -DVM_TRACE_FST=0 -DVM_TRACE_VCD=0 -faligned-new -fbracket-depth=4096 -fcf-protection=none -Qunused-arguments -Wno-bool-operation -Wno-tautological-bitwise-compare -Wno-parentheses-equality -Wno-sign-compare -Wno-uninitialized -Wno-unused-but-set-variable -Wno-unused-parameter -Wno-unused-variable -Wno-shadow      -std=gnu++17 -Os -c -o verilated.o /opt/homebrew/Cellar/verilator/5.006/share/verilator/include/verilated.cpp
clang++  -I.  -MMD -I/opt/homebrew/Cellar/verilator/5.006/share/verilator/include -I/opt/homebrew/Cellar/verilator/5.006/share/verilator/include/vltstd -DVM_COVERAGE=0 -DVM_SC=0 -DVM_TRACE=0 -DVM_TRACE_FST=0 -DVM_TRACE_VCD=0 -faligned-new -fbracket-depth=4096 -fcf-protection=none -Qunused-arguments -Wno-bool-operation -Wno-tautological-bitwise-compare -Wno-parentheses-equality -Wno-sign-compare -Wno-uninitialized -Wno-unused-but-set-variable -Wno-unused-parameter -Wno-unused-variable -Wno-shadow      -std=gnu++17 -Os -c -o verilated_threads.o /opt/homebrew/Cellar/verilator/5.006/share/verilator/include/verilated_threads.cpp
/usr/bin/python3 /opt/homebrew/Cellar/verilator/5.006/share/verilator/bin/verilator_includer -DVL_INCLUDE_OPT=include Vcheri_capstruct_order.cpp Vcheri_capstruct_order___024root__DepSet_hbc03effc__0.cpp Vcheri_capstruct_order___024root__DepSet_h70e6f6b4__0.cpp Vcheri_capstruct_order___024root__Slow.cpp Vcheri_capstruct_order___024root__DepSet_h70e6f6b4__0__Slow.cpp Vcheri_capstruct_order__Syms.cpp > Vcheri_capstruct_order__ALL.cpp
clang++  -I.  -MMD -I/opt/homebrew/Cellar/verilator/5.006/share/verilator/include -I/opt/homebrew/Cellar/verilator/5.006/share/verilator/include/vltstd -DVM_COVERAGE=0 -DVM_SC=0 -DVM_TRACE=0 -DVM_TRACE_FST=0 -DVM_TRACE_VCD=0 -faligned-new -fbracket-depth=4096 -fcf-protection=none -Qunused-arguments -Wno-bool-operation -Wno-tautological-bitwise-compare -Wno-parentheses-equality -Wno-sign-compare -Wno-uninitialized -Wno-unused-but-set-variable -Wno-unused-parameter -Wno-unused-variable -Wno-shadow      -std=gnu++17 -Os -c -o Vcheri_capstruct_order__ALL.o Vcheri_capstruct_order__ALL.cpp
Archive ar -rcs Vcheri_capstruct_order__ALL.a Vcheri_capstruct_order__ALL.o
clang++  -Wl,-U,__Z15vl_time_stamp64v,-U,__Z13sc_time_stampv   sim_cheri_capstruct_order.o verilated.o verilated_threads.o Vcheri_capstruct_order__ALL.a    -pthread -lpthread   -o Vcheri_capstruct_order
TEST START
ok
TEST END
- cheri_capstruct_order.sv:48: Verilog $finish
